I'm sorry, but errors were detected in your script. Please correct the
errors listed below, and try again.


File "game/scripts/guildmaster/zairis.rpy", line 87: expected ':' not found.
    "Byl jsi někdy u Amadisova hrobu?" (if "letters for Ada seen" in status or "letters topic" in ada.asked) and "Amadis grave" not in zairis.asked:
                                                                                                             ^

Ren'Py Version: Ren'Py 8.1.1.23060707
Mon Aug 21 11:47:56 2023
